// Jest Snapshot v1, https://goo.gl/fbAQLP

exports[`AdminNav.vue AdminNav Snapshot 1`] = `
<header
  class="header admin-navbar"
>
  <div
    class="container-fluid"
  >
    <nav
      class="navbar-container"
    >
      <ul
        class="navbar-menu"
      >
        <li
          class="nav-link"
        >
          <a
            class="logout-link"
          >
            <span
              class="d-none d-sm-inline mx-3 test-logout"
            >
              Logout
            </span>
            <i
              class="fs-3 bi bi-box-arrow-right"
            />
          </a>
        </li>
      </ul>
    </nav>
  </div>
</header>
`;
