// Jest Snapshot v1, https://goo.gl/fbAQLP

exports[`Admin.vue AdminPage Snapshot 1`] = `
<div
  class="container-fluid"
>
  <div
    class="row flex-nowrap"
  >
    <sidenav-stub />
    <div
      class="col py-3"
    >
      <div
        class="container"
      >
        <router-view-stub />
      </div>
    </div>
  </div>
</div>
`;
