// Jest Snapshot v1, https://goo.gl/fbAQLP

exports[`Sidenav.vue Sidenav Snapshot 1`] = `
<div
  class="col-auto col-md-3 col-xl-2 px-sm-2 px-0 bg-dark"
>
  <div
    class="d-flex flex-column align-items-center align-items-sm-start px-3 pt-2 text-white min-vh-100"
  >
    <router-link-stub
      class="navbar-logo"
      to="[object Object]"
    />
    <ul
      class="nav nav-pills flex-column mb-sm-auto mb-0 align-items-center align-items-sm-start"
      id="menu"
    >
      <li>
        <router-link-stub
          class="nav-link align-middle px-0"
          to="[object Object]"
        />
      </li>
      <hr
        class="dropdown-divider"
      />
      <li
        class="nav-item"
      >
        <router-link-stub
          class="nav-link align-middle px-0"
          to="[object Object]"
        />
      </li>
      <hr
        class="dropdown-divider"
      />
      <li>
        <router-link-stub
          class="nav-link align-middle px-0"
          to="[object Object]"
        />
      </li>
      <hr
        class="dropdown-divider"
      />
      <li>
        <router-link-stub
          class="nav-link align-middle px-0"
          to="[object Object]"
        />
      </li>
      <hr
        class="dropdown-divider"
      />
      <li>
        <router-link-stub
          class="nav-link align-middle px-0"
          to="[object Object]"
        />
      </li>
      <!--v-if-->
    </ul>
  </div>
</div>
`;
