// Jest Snapshot v1, https://goo.gl/fbAQLP

exports[`AppNavbar.vue AppNavbar Snapshot 1`] = `
<header
  class="header"
>
  <div
    class="container-fluid"
  >
    <nav
      class="navbar-container"
    >
      <router-link-stub
        class="navbar-logo"
        to="[object Object]"
      />
      <ul
        class="navbar-menu"
      >
        <li
          class="navbar-item"
        >
          <router-link-stub
            id="artists-link"
            to="[object Object]"
          />
        </li>
        <li
          class="navbar-item"
        >
          <router-link-stub
            to="[object Object]"
          />
        </li>
        <li
          class="navbar-item"
        >
          <router-link-stub
            id="login-link"
            to="[object Object]"
          />
        </li>
      </ul>
      <div
        class="hamburger"
        id="hamburger-menu"
      >
        <span
          class="bar"
        />
        <span
          class="bar"
        />
        <span
          class="bar"
        />
      </div>
    </nav>
  </div>
</header>
`;
