// Jest Snapshot v1, https://goo.gl/fbAQLP

exports[`AppBrand.vue AppBrand Snapshot 1`] = `
<div
  data-v-app=""
>
  
  <img
    class="navbar-brand desktop-logo"
    src="/img/logo-light.png"
  />
  <img
    class="navbar-brand mobile-logo"
    src="/img/logo.png"
  />
  <h1
    class="tablet-logo"
  >
    Linked Up
  </h1>
  
</div>
`;
