// Jest Snapshot v1, https://goo.gl/fbAQLP

exports[`App.vue ArtistInbox Snapshot 1`] = `
<div
  data-v-app=""
>
  
  <div
    class="easter-egg"
  />
  <admin-nav-stub />
  <!--v-if-->
  <main>
    <router-view-stub />
  </main>
  <anonymous-stub
    to="#modals"
  />
  <app-footer-stub />
  
</div>
`;
