// Jest Snapshot v1, https://goo.gl/fbAQLP

exports[`ArtistProfile.vue ArtistProfile Snapshot 1`] = `
<div
  data-v-app=""
>
  
  <div
    class="container"
  >
    <div
      class="row mb-3"
    >
      <div
        class="col-12 text-center mb-4 app-title"
        mode="profile-title-img"
      >
        <h2
          class="title"
        >
          
          Artist
          
        </h2>
      </div>
    </div>
    <div
      class="row"
    >
      <div
        class="col-12 col-lg-5 img-center"
      >
        <a
          href="https://via.placeholder.com/150"
          target="blank"
        >
          <img
            class="img-fluid"
            src="Thumbnail"
          />
        </a>
      </div>
      <div
        class="col-12 col-lg-7 text-center"
      >
        <p
          class="accent-text"
        >
          About
        </p>
        <p>
          Description
        </p>
        <p>
          <span
            class="accent-text"
          >
            Shop:
          </span>
           Shop - City (Zip) 
        </p>
        <div
          class="row"
        >
          <div
            class="col-6"
          >
            <p
              class="accent-text"
            >
               Insta: 
              <a
                href="Insta"
                target="blank"
              >
                Insta
              </a>
            </p>
          </div>
          <div
            class="col-6"
          >
            <p>
              <span
                class="accent-text"
              >
                Style:
              </span>
               Style
            </p>
          </div>
        </div>
        <div
          class="mt-4 btn-center"
        >
          <button
            class="btn"
          >
            
            Contact Artist
            
          </button>
        </div>
      </div>
    </div>
    <div
      class="row mb-3"
    >
      <div
        class="col-12 text-center mb-4 app-title"
        mode="profile-title-img"
      >
        <h2
          class="title"
        >
          
          Gallery
          
        </h2>
      </div>
    </div>
    <div
      class="row"
    >
      
      <div
        class="col-12 col-md-6 col-lg-3 col-xl-2"
      >
        <div
          class="card gallery-card"
        >
          <img
            class="card-img-top"
            src="https://via.placeholder.com/150"
          />
        </div>
      </div>
      <div
        class="col-12 col-md-6 col-lg-3 col-xl-2"
      >
        <div
          class="card gallery-card"
        >
          <img
            class="card-img-top"
            src="https://via.placeholder.com/150"
          />
        </div>
      </div>
      <div
        class="col-12 col-md-6 col-lg-3 col-xl-2"
      >
        <div
          class="card gallery-card"
        >
          <img
            class="card-img-top"
            src="https://via.placeholder.com/150"
          />
        </div>
      </div>
      
    </div>
  </div>
  <div
    class="modal"
    style="display: none;"
  >
    <div
      class="modal-dialog"
      style="z-index: 2000;"
    >
      <div
        class="modal-content"
      >
        <div
          class="modal-header"
        >
          <h5
            class="modal-title"
          >
            
            Contact Artist
            
          </h5>
          <span
            class="close-btn"
          >
            ×
          </span>
        </div>
        <div
          class="modal-body"
        >
          <p>
            
             You must have a client account to contact Artist
            
          </p>
        </div>
      </div>
    </div>
    <div
      class="modal-backdrop show"
    />
  </div>
  
</div>
`;
