// Jest Snapshot v1, https://goo.gl/fbAQLP

exports[`ArtistContact.vue ArtistContact Snapshot 1`] = `
<div
  class="container"
>
  <form
    class="auth-form"
  >
    <div
      class="form-floating mb-3"
    >
      <input
        class="form-control"
        placeholder="title"
        required=""
        type="text"
      />
      <label>
        Title
      </label>
    </div>
    <div
      class="form-floating mb-3"
    >
      <input
        class="form-control"
        placeholder="Description"
        required=""
        type="textarea"
      />
      <label>
        Description
      </label>
    </div>
    <div
      class="btn-center"
    >
      <button
        class="btn"
      >
        
        Submit
        
      </button>
    </div>
  </form>
</div>
`;
