// Jest Snapshot v1, https://goo.gl/fbAQLP

exports[`Event.vue Event Snapshot 1`] = `
<div
  class="container profile-container"
>
  <div
    class="row mb-3"
  >
    <app-title-stub />
  </div>
  <div
    class="row"
  >
    <div
      class="col-12 col-lg-5 img-center"
    >
      <img
        alt=""
        class="img-fluid"
        src=""
      />
    </div>
    <div
      class="col-12 col-lg-7 text-center mb-2"
    >
      <p
        class="accent-text"
      >
        Description
      </p>
      <p />
      <p>
        <span
          class="accent-text"
        >
          Location :
        </span>
          () 
      </p>
      <div
        class="col-12"
      >
        <p>
          <span
            class="accent-text"
          >
            Date :
          </span>
           
        </p>
      </div>
      <!--v-if-->
      <!--v-if-->
    </div>
  </div>
  <div
    class="row mb-3"
  >
    <app-title-stub />
  </div>
  <div
    class="row artists-list"
  >
    
    
  </div>
</div>
`;
