// Jest Snapshot v1, https://goo.gl/fbAQLP

exports[`GalleryItem.vue GalleryItem Snapshot 1`] = `
<div
  class="card gallery-card"
>
  <div
    class="card-overlay"
  />
  <div
    class="card-details fade-in-top text-center"
  >
    <i
      class="bi bi-trash img-icon"
    />
  </div>
  <img
    alt="Gallery Item"
    class="card-img-top gallery-img-item"
  />
</div>
`;
