// Jest Snapshot v1, https://goo.gl/fbAQLP

exports[`HomeGeoloc.vue HomeGeoloc Snapshot 1`] = `
<form
  class="col-12 col-md-6 geoloc"
>
  <div
    class="col-12 text-center mb-4 app-title"
  >
    <h2
      class="title"
    >
      
      Looking for an artist? 
      
    </h2>
  </div>
  <div
    class="input-group mb-3"
  >
    <input
      autocomplete=""
      class="form-control"
      id="autocomplete"
      placeholder="Enter your city"
      type="text"
    />
    <span
      class="input-group-text material-icons"
    >
      place
    </span>
  </div>
  <div
    class="btn-center"
  >
    <button
      class="btn"
    >
      
      Search
      
    </button>
  </div>
  <a>
    <div
      class="col-12 text-center mb-4 app-title"
    >
      <h2
        class="title"
      >
        
        Or search by styles 
        <i
          class="bi bi-arrow-right"
        />
        
      </h2>
    </div>
  </a>
</form>
`;
