// Jest Snapshot v1, https://goo.gl/fbAQLP

exports[`HomeGeoloc.vue HomeGeoloc Snapshot 1`] = `
<div
  class="row geoloc-row"
>
  <form
    class="col-12 geoloc"
  >
    <div
      class="input-group mb-3"
    >
      <input
        autocomplete=""
        class="form-control"
        id="autocomplete"
        placeholder="Enter your city"
        type="text"
      />
      <span
        class="input-group-text material-icons"
      >
        place
      </span>
    </div>
    <div
      class="btn-center"
    >
      <button
        class="btn"
      >
        
        Search
        
      </button>
    </div>
  </form>
</div>
`;
