// Jest Snapshot v1, https://goo.gl/fbAQLP

exports[`HomeGeoloc.vue HomeGeoloc Snapshot 1`] = `
<form
  class="col-12 col-md-6 geoloc"
>
  <div
    class="col-12 text-center mb-4 app-title"
  >
    <h2
      class="main-title"
    >
      
      <span
        class="main-title"
      >
        Looking for an artist?
      </span>
      
    </h2>
  </div>
  <div
    class="input-group mb-3"
  >
    <input
      autocomplete=""
      class="form-control"
      id="autocomplete"
      placeholder="Enter your city"
      type="text"
    />
    <span
      class="input-group-text"
    >
      <i
        class="fs-4 bi bi-geo-alt-fill"
      />
    </span>
  </div>
  <div
    class="btn-center"
  >
    <button
      class="btn"
    >
      
      Search
      
    </button>
  </div>
</form>
`;
