// Jest Snapshot v1, https://goo.gl/fbAQLP

exports[`HomeCategories.vue HomeCategories Snapshot 1`] = `
<div
  class="row"
>
  <div
    class="col-12 text-center mb-4 app-title"
  >
    <h2
      class="title"
    >
      <img
        class="title-img"
        src="/img/title-bg.png"
      />
      <span>
        
        Search by style
        
      </span>
    </h2>
  </div>
  <div
    class="col-12 col-md-6 col-lg-3"
  >
    <div
      class="card"
      data-test="black-work"
    >
      <img
        alt="blackwork"
        class="card-img-top"
        src="/img/blackwork.jpg"
      />
      <div
        class="card-body"
      >
        <h5
          class="card-title"
        >
          Black Work
        </h5>
      </div>
    </div>
  </div>
  <div
    class="col-12 col-md-6 col-lg-3"
  >
    <div
      class="card"
    >
      <img
        alt="oldschool"
        class="card-img-top"
        src="/img/oldschool.jpg"
      />
      <div
        class="card-body"
      >
        <h5
          class="card-title"
        >
          Old School
        </h5>
      </div>
    </div>
  </div>
  <div
    class="col-12 col-md-6 col-lg-3"
  >
    <div
      class="card"
    >
      <img
        alt="newschool"
        class="card-img-top"
        src="/img/newschool.jpg"
      />
      <div
        class="card-body"
      >
        <h5
          class="card-title"
        >
          New School
        </h5>
      </div>
    </div>
  </div>
  <div
    class="col-12 col-md-6 col-lg-3"
  >
    <div
      class="card"
    >
      <img
        alt="surrealism"
        class="card-img-top"
        src="/img/surrealism.jpg"
      />
      <div
        class="card-body"
      >
        <h5
          class="card-title"
        >
          Surrealism
        </h5>
      </div>
    </div>
  </div>
  <div
    class="col-12 text-end"
  >
    <a>
      <p
        class="link-text"
      >
        See all styles
      </p>
    </a>
  </div>
</div>
`;
