// Jest Snapshot v1, https://goo.gl/fbAQLP

exports[`Home.vue HomePage Snapshot 1`] = `
<div
  class="container-fluid"
>
  <div
    class="row"
  >
    <home-geoloc-stub />
    <div
      class="col-12 col-md-6"
    >
      <a
        id="search-styles"
      >
        <app-title-stub />
      </a>
    </div>
  </div>
</div>
`;
