// Jest Snapshot v1, https://goo.gl/fbAQLP

exports[`Login.vue Loginpage Snapshot 1`] = `
<div
  class="container col-6 home"
>
  <div>
    <login-form-stub />
    <p
      class="mt-3 text-center"
    >
       No account yet? 
      <span
        class="toggle-form show-signup"
      >
        Sign up
      </span>
       instead 
    </p>
  </div>
</div>
`;
