// Jest Snapshot v1, https://goo.gl/fbAQLP

exports[`OrgaEvents.vue OrgaEvents Snapshot 1`] = `
<div
  data-v-app=""
>
  
  <div
    class="row mb-4"
  >
    <div
      class="btn-wrapper btn-right"
    >
      <a>
        <app-button-stub />
      </a>
    </div>
  </div>
  <div
    class="row"
  >
    <div
      class="col-12 text-center"
    >
      <h2>
        You don't have any event yet.
      </h2>
    </div>
  </div>
  
</div>
`;
